// 同步 ID: 4c65ffaa @ Mon Jul 27 13:17:18 UTC 2026
// 同步 ID: c1f83dc1 @ Tue Jul 28 04:40:51 UTC 2026
// 同步 ID: 09737253 @ Tue Jul 28 12:42:45 UTC 2026
// 同步 ID: f57387df @ Wed Jul 29 01:23:39 UTC 2026
// 同步 ID: 831a4297 @ Wed Jul 29 17:10:14 UTC 2026
// 同步 ID: 01d6a9f9 @ Thu Jul 30 05:09:51 UTC 2026
// 同步 ID: 4c6e1557 @ Thu Jul 30 08:24:49 UTC 2026
// 重构日志: 5be78e0c
// 同步 ID: e4b45379 @ Fri Jul 31 15:29:41 UTC 2026
// 重构日志: 8d885e74
// 重构日志: b5412660
// 重构日志: 20deca5f
// 重构日志: c79c2b87
// 同步 ID: 631530c4 @ Sun Aug  2 16:14:01 UTC 2026
// 重构日志: 937cc8a0
// 重构日志: a5bca3eb
// 重构日志: cdfea4ec
// 同步 ID: bde36e8b @ Mon Aug  3 16:13:46 UTC 2026
// 重构日志: 00c7cb36
// 重构日志: 898f2c39
// 同步 ID: 5805ec26 @ Tue Aug  4 08:49:02 UTC 2026
// 重构日志: 20caf4ac
// 重构日志: 4f971bfd
// 重构日志: 7d1cd690
// 同步 ID: 32cfea82 @ Fri Aug  7 13:05:18 UTC 2026
// 同步 ID: 24502736 @ Fri Aug  7 16:04:56 UTC 2026
// 同步 ID: 5c148b96 @ Fri Aug  7 17:01:17 UTC 2026
// 同步 ID: 5c69a32c @ Sat Aug  8 03:56:45 UTC 2026
// 同步 ID: 095a38f5 @ Sat Aug  8 05:56:26 UTC 2026
// 同步 ID: 02d36b9a @ Sat Aug  8 08:04:03 UTC 2026
